Creating new OWA project!
What is the name of your app: 
