Creating new OWA project!
What is the name of your app: 
Your app must have a (non-empty) name! Please enter one:
