Creating new OWA project!
What is the name of your app: 
What is the prefix of your app (3 uppercase letters): 
The prefix must be 3 uppercase letters! Please enter again: 
