Creating new OWA project!
What is the name of your app: 
What is the prefix of your app (3 uppercase letters): 
The prefix must be 3 uppercase letters! Please enter again: 
What is the author's name: 
What is your company name (optional): 
Your new app "One Week Apps" has been created!

